1:1 INT "int"
1:5 FLOAT "float"
1:11 BOOL "bool"
1:16 STRING "string"
1:23 VOID "void"
1:28 CONST "const"
1:34 TRUE "true"
1:39 FALSE "false"
1:45 IF "if"
1:48 ELSE "else"
1:53 WHILE "while"
1:59 FOR "for"
1:63 DO "do"
1:66 BREAK "break"
1:72 CONTINUE "continue"
1:81 RETURN "return"
1:88 COUT "cout"
1:93 CIN "cin"
1:97 ENDL "endl"
2:1 CLASS "class"
2:7 NEW "new"
2:11 DELETE "delete"
2:18 TEMPLATE "template"
2:27 VIRTUAL "virtual"
2:35 OVERRIDE "override"
2:44 PUBLIC "public"
2:51 PRIVATE "private"
2:59 PROTECTED "protected"
2:69 NAMESPACE "namespace"
2:79 USING "using"
2:85 THIS "this"
2:90 NULLPTR "nullptr"
2:98 FRIEND "friend"
2:105 OPERATOR "operator"
2:114 STRUCT "struct"
2:121 SWITCH "switch"
2:128 CASE "case"
2:133 DEFAULT "default"
3:1 EOF
