1:1 IDENT "_x"
1:4 IDENT "x1"
1:7 NUM_INT "12"
1:10 NUM_FLOAT "3.14"
1:15 INC "++"
1:18 DEC "--"
1:21 PLUS_ASSIGN "+="
1:24 MINUS_ASSIGN "-="
1:27 TIMES_ASSIGN "*="
1:30 DIVIDE_ASSIGN "/="
1:33 EQ "=="
1:36 NE "!="
1:39 LT "<"
1:41 GT ">"
1:43 LE "<="
1:46 GE ">="
1:49 AND "&&"
1:52 OR "||"
1:55 NOT "!"
1:57 LPAREN "("
1:59 RPAREN ")"
1:61 LBRACE "{"
1:63 RBRACE "}"
1:65 LBRACKET "["
1:67 RBRACKET "]"
1:69 SEMI ";"
1:71 COMMA ","
1:73 QUESTION "?"
1:75 COLON ":"
1:77 ASSIGN "="
1:79 AMP "&"
1:81 LSHIFT "<<"
1:84 RSHIFT ">>"
2:1 EOF
