1:1 KW_INT "int"
1:5 IDENT "_temp"
1:11 OP_ASSIGN "="
1:13 NUMBER_INT "42"
1:15 SEMICOLON ";"
2:1 KW_FLOAT "float"
2:7 IDENT "valor"
2:13 OP_ASSIGN "="
2:15 NUMBER_FLOAT "3.14"
2:19 SEMICOLON ";"
3:1 KW_STRING "string"
3:8 IDENT "texto"
3:14 OP_ASSIGN "="
3:16 STRING_LITERAL "ola \\\"mundo\\\"\\\\\\n\\t"
3:37 SEMICOLON ";"
4:1 KW_IF "if"
4:4 LPAREN "("
4:5 IDENT "a"
4:7 OP_LE "<="
4:10 IDENT "b"
4:12 OP_AND "&&"
4:15 OP_NOT "!"
4:16 IDENT "c"
4:18 OP_OR "||"
4:21 IDENT "d"
4:23 OP_NEQ "!="
4:26 IDENT "e"
4:28 OP_GE ">="
4:31 IDENT "f"
4:33 OP_LT "<"
4:35 IDENT "g"
4:37 OP_GT ">"
4:39 IDENT "h"
4:40 RPAREN ")"
4:42 LBRACE "{"
4:44 KW_FOR "for"
4:48 LBRACKET "["
4:50 KW_RETURN "return"
4:56 COMMA ","
4:58 KW_PRINT "print"
4:64 OP_MOD "%"
4:66 OP_MINUS "-"
4:68 OP_PLUS "+"
4:70 OP_MULT "*"
4:72 OP_DIV "/"
4:74 OP_EQ "=="
4:77 RBRACKET "]"
4:78 SEMICOLON ";"
4:80 RBRACE "}"
7:16 KW_WHILE "while"
7:22 KW_ELSE "else"
8:1 EOF
